Logging in...
Logged in as: Admin User
Fetching active route...
Active Route ID: 25716d9d-44c1-4803-a22a-eaf982d75f20
Stops: 3
Current Stop Order: Angel de la Independencia -> Torre Reforma -> Torre Reforma
Recalculating route from 19.4300, -99.1600...
Updated Route Stops: 3
New Stop Order: Angel de la Independencia -> Torre Reforma -> Torre Reforma
